// Jest Snapshot v1, https://goo.gl/fbAQLP

exports[`FillTimesheet renders snapshots 1`] = `
"<div class=\\"ui-provider\\" dir=\\"ltr\\" data-uses-unhanded-props=\\"true\\">
  <div class=\\"ui-flex fill-timesheet timesheet-web\\" data-uses-unhanded-props=\\"true\\">
    <div class=\\"ui-flex\\" data-uses-unhanded-props=\\"true\\">
      <div class=\\"ui-flex calendar\\" data-uses-unhanded-props=\\"true\\">
        <div class=\\"ui-flex\\" data-uses-unhanded-props=\\"true\\"><button data-aa-class=\\"Button\\" class=\\"ui-button\\" data-uses-unhanded-props=\\"true\\">
            <div class=\\"ui-box\\" data-uses-unhanded-props=\\"true\\"><span role=\\"img\\" aria-hidden=\\"true\\" class=\\"ui-icon\\"><svg role=\\"presentation\\" focusable=\\"false\\" viewBox=\\"8 8 16 16\\"><g><path class=\\"ui-icon__outline\\" d=\\"M19 22.97c0 .14-.05.25-.15.35a.485.485 0 0 1-.7 0l-7-7a.485.485 0 0 1 0-.7l7-7a.485.485 0 0 1 .7 0c.1.1.15.21.15.35 0 .14-.05.25-.15.35l-6.64 6.65 6.64 6.65c.1.1.15.21.15.35z\\"></path><path class=\\"ui-icon__filled\\" d=\\"M19.5 8.97c0 .14-.03.27-.07.39-.05.12-.12.23-.21.32l-6.3 6.29 6.3 6.29c.09.09.17.2.21.32a1.036 1.036 0 0 1-.01.77c-.05.12-.13.23-.22.32s-.2.16-.32.22a.995.995 0 0 1-1.09-.21l-7-7c-.19-.19-.29-.43-.29-.71s.1-.52.29-.71l7-7a.995.995 0 0 1 1.09-.21c.12.06.23.13.32.22s.16.2.22.32c.05.12.08.25.08.38z\\"></path></g></svg></span></div>
          </button><span class=\\"ui-text\\" dir=\\"auto\\" data-uses-unhanded-props=\\"true\\">calendarWeekAndMonth</span><button data-aa-class=\\"Button\\" class=\\"ui-button\\" data-uses-unhanded-props=\\"true\\">
            <div class=\\"ui-box\\" data-uses-unhanded-props=\\"true\\"><span role=\\"img\\" aria-hidden=\\"true\\" class=\\"ui-icon\\"><svg role=\\"presentation\\" focusable=\\"false\\" viewBox=\\"8 8 16 16\\"><g><path class=\\"ui-icon__outline\\" d=\\"M21 15.97c0 .14-.05.25-.15.35l-7 7a.485.485 0 0 1-.7 0 .485.485 0 0 1 0-.7l6.64-6.65-6.64-6.65a.485.485 0 0 1 0-.7.485.485 0 0 1 .7 0l7 7c.1.1.15.21.15.35z\\"></path><path class=\\"ui-icon__filled\\" d=\\"M21.5 15.97c0 .28-.1.52-.29.71l-7 7c-.19.19-.43.29-.71.29-.14 0-.26-.03-.38-.08s-.23-.13-.32-.22-.16-.2-.22-.32a1.036 1.036 0 0 1-.01-.77c.05-.12.12-.23.21-.32l6.3-6.29-6.3-6.29a.85.85 0 0 1-.21-.32c-.05-.13-.07-.26-.07-.39a.995.995 0 0 1 .3-.7c.09-.09.2-.16.32-.22.12-.05.24-.08.38-.08.28 0 .52.1.71.29l7 7c.19.19.29.43.29.71z\\"></path></g></svg></span></div>
          </button></div>
        <div class=\\"ui-flex calendar-days\\" data-uses-unhanded-props=\\"true\\">
          <div class=\\"ui-flex cursor-pointer\\" data-testid=\\"calendar-date-2021-01-17\\" data-uses-unhanded-props=\\"true\\"><span class=\\"ui-text week-day\\" dir=\\"auto\\" data-uses-unhanded-props=\\"true\\">Sun</span><span class=\\"ui-text date-text \\" dir=\\"auto\\" data-uses-unhanded-props=\\"true\\">17</span><span class=\\"ui-text hours-text default\\" dir=\\"auto\\" data-uses-unhanded-props=\\"true\\">00</span></div>
          <div class=\\"ui-flex cursor-pointer\\" data-testid=\\"calendar-date-2021-01-18\\" data-uses-unhanded-props=\\"true\\"><span class=\\"ui-text week-day\\" dir=\\"auto\\" data-uses-unhanded-props=\\"true\\">Mon</span><span class=\\"ui-text date-text \\" dir=\\"auto\\" data-uses-unhanded-props=\\"true\\">18</span><span class=\\"ui-text hours-text default\\" dir=\\"auto\\" data-uses-unhanded-props=\\"true\\">00</span></div>
          <div class=\\"ui-flex cursor-pointer\\" data-testid=\\"calendar-date-2021-01-19\\" data-uses-unhanded-props=\\"true\\"><span class=\\"ui-text week-day\\" dir=\\"auto\\" data-uses-unhanded-props=\\"true\\">Tue</span><span class=\\"ui-text date-text \\" dir=\\"auto\\" data-uses-unhanded-props=\\"true\\">19</span><span class=\\"ui-text hours-text default\\" dir=\\"auto\\" data-uses-unhanded-props=\\"true\\">00</span></div>
          <div class=\\"ui-flex cursor-pointer\\" data-testid=\\"calendar-date-2021-01-20\\" data-uses-unhanded-props=\\"true\\"><span class=\\"ui-text week-day\\" dir=\\"auto\\" data-uses-unhanded-props=\\"true\\">Wed</span><span class=\\"ui-text date-text \\" dir=\\"auto\\" data-uses-unhanded-props=\\"true\\">20</span><span class=\\"ui-text hours-text default\\" dir=\\"auto\\" data-uses-unhanded-props=\\"true\\">00</span></div>
          <div class=\\"ui-flex cursor-pointer\\" data-testid=\\"calendar-date-2021-01-21\\" data-uses-unhanded-props=\\"true\\"><span class=\\"ui-text week-day\\" dir=\\"auto\\" data-uses-unhanded-props=\\"true\\">Thu</span><span class=\\"ui-text date-text \\" dir=\\"auto\\" data-uses-unhanded-props=\\"true\\">21</span><span class=\\"ui-text hours-text default\\" dir=\\"auto\\" data-uses-unhanded-props=\\"true\\">00</span></div>
          <div class=\\"ui-flex cursor-pointer selected-date\\" data-testid=\\"calendar-date-2021-01-22\\" data-uses-unhanded-props=\\"true\\"><span class=\\"ui-text week-day\\" dir=\\"auto\\" data-uses-unhanded-props=\\"true\\">Fri</span><span class=\\"ui-text date-text todays-date\\" dir=\\"auto\\" data-uses-unhanded-props=\\"true\\">22</span><span class=\\"ui-text hours-text default\\" dir=\\"auto\\" data-uses-unhanded-props=\\"true\\">00</span></div>
          <div class=\\"ui-flex cursor-pointer\\" data-testid=\\"calendar-date-2021-01-23\\" data-uses-unhanded-props=\\"true\\"><span class=\\"ui-text week-day\\" dir=\\"auto\\" data-uses-unhanded-props=\\"true\\">Sat</span><span class=\\"ui-text date-text \\" dir=\\"auto\\" data-uses-unhanded-props=\\"true\\">23</span><span class=\\"ui-text hours-text default\\" dir=\\"auto\\" data-uses-unhanded-props=\\"true\\">00</span></div>
        </div>
        <div class=\\"ui-flex calendar-footer\\" data-uses-unhanded-props=\\"true\\"><button aria-disabled=\\"false\\" data-aa-class=\\"Button\\" class=\\"ui-button\\" data-testid=\\"duplicate-efforts-button\\" data-uses-unhanded-props=\\"true\\"><span dir=\\"auto\\" class=\\"ui-button__content\\" data-uses-unhanded-props=\\"true\\">duplicateEffortsButtonText</span></button></div>
      </div>
      <div class=\\"ui-flex half-width\\" data-uses-unhanded-props=\\"true\\"><span class=\\"ui-text\\" dir=\\"auto\\" data-uses-unhanded-props=\\"true\\">Friday, 22nd Jan</span>
        <div class=\\"ui-flex\\" data-uses-unhanded-props=\\"true\\">
          <div class=\\"ui-flex half-width\\" data-uses-unhanded-props=\\"true\\"><span class=\\"ui-text\\" dir=\\"auto\\" data-uses-unhanded-props=\\"true\\">fillTimesheetTotalHoursLabel</span><span class=\\"ui-text\\" dir=\\"auto\\" data-uses-unhanded-props=\\"true\\">fillTimesheetStatusLabel</span><span class=\\"ui-text\\" dir=\\"auto\\" data-uses-unhanded-props=\\"true\\">fillTimesheetManagerCommentsLabel</span></div>
          <div class=\\"ui-flex half-width\\" data-uses-unhanded-props=\\"true\\"><span class=\\"ui-text\\" data-uses-unhanded-props=\\"true\\">0</span><span class=\\"ui-text\\" dir=\\"auto\\" data-testid=\\"selected-date-timesheet-status\\" data-uses-unhanded-props=\\"true\\">TimesheetStatusNotFilled</span><span class=\\"ui-text\\" dir=\\"auto\\" data-uses-unhanded-props=\\"true\\">-</span></div>
        </div>
      </div>
    </div>
    <div class=\\"ui-flex projects-container\\" data-uses-unhanded-props=\\"true\\">
      <dl role=\\"presentation\\" data-aa-class=\\"Accordion\\" class=\\"ui-accordion projects\\" data-uses-unhanded-props=\\"true\\"></dl>
    </div>
    <div class=\\"ui-flex\\" data-uses-unhanded-props=\\"true\\"><button disabled=\\"\\" aria-disabled=\\"true\\" data-aa-class=\\"Button\\" class=\\"ui-button\\" data-uses-unhanded-props=\\"true\\"><span dir=\\"auto\\" class=\\"ui-button__content\\" data-uses-unhanded-props=\\"true\\">saveButtonText</span></button><button data-aa-class=\\"Button\\" class=\\"ui-button\\" close=\\"[object Object]\\" toggle=\\"[object Object]\\" open=\\"\\" click=\\"[object Object]\\" data-uses-unhanded-props=\\"true\\"><span dir=\\"auto\\" class=\\"ui-button__content\\" data-uses-unhanded-props=\\"true\\">submitButtonText</span></button></div>
  </div>
</div>"
`;
