// Jest Snapshot v1, https://goo.gl/fbAQLP

exports[`DashboardProjectWrapper renders snapshots 1`] = `
"<div class=\\"ui-provider\\" dir=\\"ltr\\" data-uses-unhanded-props=\\"true\\">
  <div class=\\"ui-flex\\" data-uses-unhanded-props=\\"true\\">
    <div>
      <div class=\\"ui-flex project-card-container\\" data-uses-unhanded-props=\\"true\\"><svg class=\\"CircularProgressbar circular-progress\\" viewBox=\\"0 0 100 100\\" data-test-id=\\"CircularProgressbar\\">
          <path class=\\"CircularProgressbar-trail\\" style=\\"stroke-dasharray: 289.02652413026095px 289.02652413026095px; stroke-dashoffset: 0px;\\" d=\\"
      M 50,50
      m 0,-46
      a 46,46 0 1 1 0,92
      a 46,46 0 1 1 0,-92
    \\" stroke-width=\\"8\\" fill-opacity=\\"0\\"></path>
          <path class=\\"CircularProgressbar-path\\" style=\\"stroke-dasharray: 289.02652413026095px 289.02652413026095px; stroke-dashoffset: 156.07432303034093px;\\" d=\\"
      M 50,50
      m 0,-46
      a 46,46 0 1 1 0,92
      a 46,46 0 1 1 0,-92
    \\" stroke-width=\\"8\\" fill-opacity=\\"0\\"></path><text class=\\"CircularProgressbar-text\\" x=\\"50\\" y=\\"50\\">46%</text>
        </svg>
        <div class=\\"ui-flex text-container\\" data-uses-unhanded-props=\\"true\\"><span class=\\"ui-text project-title\\" dir=\\"auto\\" data-uses-unhanded-props=\\"true\\">Project 1</span><span class=\\"ui-text project-subtitle\\" dir=\\"auto\\" data-uses-unhanded-props=\\"true\\">10/22 hoursUtilizeLabel</span><span class=\\"ui-text underutilized-text\\" dir=\\"auto\\" data-uses-unhanded-props=\\"true\\">underutilizedLabel</span></div>
      </div>
    </div>
    <div>
      <div class=\\"ui-flex project-card-container\\" data-uses-unhanded-props=\\"true\\"><svg class=\\"CircularProgressbar circular-progress\\" viewBox=\\"0 0 100 100\\" data-test-id=\\"CircularProgressbar\\">
          <path class=\\"CircularProgressbar-trail\\" style=\\"stroke-dasharray: 289.02652413026095px 289.02652413026095px; stroke-dashoffset: 0px;\\" d=\\"
      M 50,50
      m 0,-46
      a 46,46 0 1 1 0,92
      a 46,46 0 1 1 0,-92
    \\" stroke-width=\\"8\\" fill-opacity=\\"0\\"></path>
          <path class=\\"CircularProgressbar-path\\" style=\\"stroke-dasharray: 289.02652413026095px 289.02652413026095px; stroke-dashoffset: 289.02652413026095px;\\" d=\\"
      M 50,50
      m 0,-46
      a 46,46 0 1 1 0,92
      a 46,46 0 1 1 0,-92
    \\" stroke-width=\\"8\\" fill-opacity=\\"0\\"></path><text class=\\"CircularProgressbar-text\\" x=\\"50\\" y=\\"50\\">0%</text>
        </svg>
        <div class=\\"ui-flex text-container\\" data-uses-unhanded-props=\\"true\\"><span class=\\"ui-text project-title\\" dir=\\"auto\\" data-uses-unhanded-props=\\"true\\">Project 2</span><span class=\\"ui-text project-subtitle\\" dir=\\"auto\\" data-uses-unhanded-props=\\"true\\">0/100 hoursUtilizeLabel</span><span class=\\"ui-text underutilized-text\\" dir=\\"auto\\" data-uses-unhanded-props=\\"true\\">underutilizedLabel</span></div>
      </div>
    </div>
  </div>
</div>"
`;
